<?xml version="1.0" encoding="ISO-8859-1" ?>
<link_info>
   <banner>TI ARM Linker Unix v18.12.4.LTS</banner>
   <copyright>Copyright (c) 1996-2018 Texas Instruments Incorporated</copyright>
   <link_time>0x5f4b8e4e</link_time>
   <link_errors>0x0</link_errors>
   <output_file>backend.out</output_file>
   <entry_point>
      <name>_c_int00_noargs</name>
      <address>0x11ba9</address>
   </entry_point>
   <input_file_list>
      <input_file id="fl-2">
         <path>./</path>
         <kind>object</kind>
         <file>commands.obj</file>
         <name>commands.obj</name>
      </input_file>
      <input_file id="fl-3">
         <path>./</path>
         <kind>object</kind>
         <file>main.obj</file>
         <name>main.obj</name>
      </input_file>
      <input_file id="fl-4">
         <path>./</path>
         <kind>object</kind>
         <file>tm4c123gh6pm_startup_ccs.obj</file>
         <name>tm4c123gh6pm_startup_ccs.obj</name>
      </input_file>
      <input_file id="fl-5">
         <path>./FreeRTOS/Source/</path>
         <kind>object</kind>
         <file>croutine.obj</file>
         <name>croutine.obj</name>
      </input_file>
      <input_file id="fl-6">
         <path>./FreeRTOS/Source/</path>
         <kind>object</kind>
         <file>event_groups.obj</file>
         <name>event_groups.obj</name>
      </input_file>
      <input_file id="fl-7">
         <path>./FreeRTOS/Source/</path>
         <kind>object</kind>
         <file>list.obj</file>
         <name>list.obj</name>
      </input_file>
      <input_file id="fl-8">
         <path>./FreeRTOS/Source/</path>
         <kind>object</kind>
         <file>queue.obj</file>
         <name>queue.obj</name>
      </input_file>
      <input_file id="fl-9">
         <path>./FreeRTOS/Source/</path>
         <kind>object</kind>
         <file>stream_buffer.obj</file>
         <name>stream_buffer.obj</name>
      </input_file>
      <input_file id="fl-a">
         <path>./FreeRTOS/Source/</path>
         <kind>object</kind>
         <file>tasks.obj</file>
         <name>tasks.obj</name>
      </input_file>
      <input_file id="fl-b">
         <path>./FreeRTOS/Source/</path>
         <kind>object</kind>
         <file>timers.obj</file>
         <name>timers.obj</name>
      </input_file>
      <input_file id="fl-c">
         <path>./FreeRTOS/Source/portable/CCS/ARM_CM4F/</path>
         <kind>object</kind>
         <file>port.obj</file>
         <name>port.obj</name>
      </input_file>
      <input_file id="fl-d">
         <path>./FreeRTOS/Source/portable/CCS/ARM_CM4F/</path>
         <kind>object</kind>
         <file>portasm.obj</file>
         <name>portasm.obj</name>
      </input_file>
      <input_file id="fl-e">
         <path>./FreeRTOS/Source/portable/MemMang/</path>
         <kind>object</kind>
         <file>heap_4.obj</file>
         <name>heap_4.obj</name>
      </input_file>
      <input_file id="fl-f">
         <path>./driverlib/</path>
         <kind>object</kind>
         <file>adc.obj</file>
         <name>adc.obj</name>
      </input_file>
      <input_file id="fl-10">
         <path>./driverlib/</path>
         <kind>object</kind>
         <file>aes.obj</file>
         <name>aes.obj</name>
      </input_file>
      <input_file id="fl-11">
         <path>./driverlib/</path>
         <kind>object</kind>
         <file>can.obj</file>
         <name>can.obj</name>
      </input_file>
      <input_file id="fl-12">
         <path>./driverlib/</path>
         <kind>object</kind>
         <file>comp.obj</file>
         <name>comp.obj</name>
      </input_file>
      <input_file id="fl-13">
         <path>./driverlib/</path>
         <kind>object</kind>
         <file>cpu.obj</file>
         <name>cpu.obj</name>
      </input_file>
      <input_file id="fl-14">
         <path>./driverlib/</path>
         <kind>object</kind>
         <file>crc.obj</file>
         <name>crc.obj</name>
      </input_file>
      <input_file id="fl-15">
         <path>./driverlib/</path>
         <kind>object</kind>
         <file>des.obj</file>
         <name>des.obj</name>
      </input_file>
      <input_file id="fl-16">
         <path>./driverlib/</path>
         <kind>object</kind>
         <file>eeprom.obj</file>
         <name>eeprom.obj</name>
      </input_file>
      <input_file id="fl-17">
         <path>./driverlib/</path>
         <kind>object</kind>
         <file>emac.obj</file>
         <name>emac.obj</name>
      </input_file>
      <input_file id="fl-18">
         <path>./driverlib/</path>
         <kind>object</kind>
         <file>epi.obj</file>
         <name>epi.obj</name>
      </input_file>
      <input_file id="fl-19">
         <path>./driverlib/</path>
         <kind>object</kind>
         <file>epi_workaround_ccs.obj</file>
         <name>epi_workaround_ccs.obj</name>
      </input_file>
      <input_file id="fl-1a">
         <path>./driverlib/</path>
         <kind>object</kind>
         <file>flash.obj</file>
         <name>flash.obj</name>
      </input_file>
      <input_file id="fl-1b">
         <path>./driverlib/</path>
         <kind>object</kind>
         <file>fpu.obj</file>
         <name>fpu.obj</name>
      </input_file>
      <input_file id="fl-1c">
         <path>./driverlib/</path>
         <kind>object</kind>
         <file>gpio.obj</file>
         <name>gpio.obj</name>
      </input_file>
      <input_file id="fl-1d">
         <path>./driverlib/</path>
         <kind>object</kind>
         <file>hibernate.obj</file>
         <name>hibernate.obj</name>
      </input_file>
      <input_file id="fl-1e">
         <path>./driverlib/</path>
         <kind>object</kind>
         <file>i2c.obj</file>
         <name>i2c.obj</name>
      </input_file>
      <input_file id="fl-1f">
         <path>./driverlib/</path>
         <kind>object</kind>
         <file>interrupt.obj</file>
         <name>interrupt.obj</name>
      </input_file>
      <input_file id="fl-20">
         <path>./driverlib/</path>
         <kind>object</kind>
         <file>lcd.obj</file>
         <name>lcd.obj</name>
      </input_file>
      <input_file id="fl-21">
         <path>./driverlib/</path>
         <kind>object</kind>
         <file>mpu.obj</file>
         <name>mpu.obj</name>
      </input_file>
      <input_file id="fl-22">
         <path>./driverlib/</path>
         <kind>object</kind>
         <file>onewire.obj</file>
         <name>onewire.obj</name>
      </input_file>
      <input_file id="fl-23">
         <path>./driverlib/</path>
         <kind>object</kind>
         <file>pwm.obj</file>
         <name>pwm.obj</name>
      </input_file>
      <input_file id="fl-24">
         <path>./driverlib/</path>
         <kind>object</kind>
         <file>qei.obj</file>
         <name>qei.obj</name>
      </input_file>
      <input_file id="fl-25">
         <path>./driverlib/</path>
         <kind>object</kind>
         <file>shamd5.obj</file>
         <name>shamd5.obj</name>
      </input_file>
      <input_file id="fl-26">
         <path>./driverlib/</path>
         <kind>object</kind>
         <file>ssi.obj</file>
         <name>ssi.obj</name>
      </input_file>
      <input_file id="fl-27">
         <path>./driverlib/</path>
         <kind>object</kind>
         <file>sw_crc.obj</file>
         <name>sw_crc.obj</name>
      </input_file>
      <input_file id="fl-28">
         <path>./driverlib/</path>
         <kind>object</kind>
         <file>sysctl.obj</file>
         <name>sysctl.obj</name>
      </input_file>
      <input_file id="fl-29">
         <path>./driverlib/</path>
         <kind>object</kind>
         <file>sysexc.obj</file>
         <name>sysexc.obj</name>
      </input_file>
      <input_file id="fl-2a">
         <path>./driverlib/</path>
         <kind>object</kind>
         <file>systick.obj</file>
         <name>systick.obj</name>
      </input_file>
      <input_file id="fl-2b">
         <path>./driverlib/</path>
         <kind>object</kind>
         <file>timer.obj</file>
         <name>timer.obj</name>
      </input_file>
      <input_file id="fl-2c">
         <path>./driverlib/</path>
         <kind>object</kind>
         <file>uart.obj</file>
         <name>uart.obj</name>
      </input_file>
      <input_file id="fl-2d">
         <path>./driverlib/</path>
         <kind>object</kind>
         <file>udma.obj</file>
         <name>udma.obj</name>
      </input_file>
      <input_file id="fl-2e">
         <path>./driverlib/</path>
         <kind>object</kind>
         <file>usb.obj</file>
         <name>usb.obj</name>
      </input_file>
      <input_file id="fl-2f">
         <path>./driverlib/</path>
         <kind>object</kind>
         <file>watchdog.obj</file>
         <name>watchdog.obj</name>
      </input_file>
      <input_file id="fl-30">
         <path>./libraries/</path>
         <kind>object</kind>
         <file>bluetooth.obj</file>
         <name>bluetooth.obj</name>
      </input_file>
      <input_file id="fl-31">
         <path>./libraries/</path>
         <kind>object</kind>
         <file>kwp2000.obj</file>
         <name>kwp2000.obj</name>
      </input_file>
      <input_file id="fl-32">
         <path>./libraries/</path>
         <kind>object</kind>
         <file>serial.obj</file>
         <name>serial.obj</name>
      </input_file>
      <input_file id="fl-33">
         <path>./remotelink/</path>
         <kind>object</kind>
         <file>crc.obj</file>
         <name>crc.obj</name>
      </input_file>
      <input_file id="fl-34">
         <path>./remotelink/</path>
         <kind>object</kind>
         <file>remotelink.obj</file>
         <name>remotelink.obj</name>
      </input_file>
      <input_file id="fl-35">
         <path>./remotelink/</path>
         <kind>object</kind>
         <file>serialprotocol.obj</file>
         <name>serialprotocol.obj</name>
      </input_file>
      <input_file id="fl-36">
         <path>./remotelink/</path>
         <kind>object</kind>
         <file>usb_dev_serial.obj</file>
         <name>usb_dev_serial.obj</name>
      </input_file>
      <input_file id="fl-37">
         <path>./remotelink/</path>
         <kind>object</kind>
         <file>usb_serial_structs.obj</file>
         <name>usb_serial_structs.obj</name>
      </input_file>
      <input_file id="fl-38">
         <path>./usblib/device/</path>
         <kind>object</kind>
         <file>usbdaudio.obj</file>
         <name>usbdaudio.obj</name>
      </input_file>
      <input_file id="fl-39">
         <path>./usblib/device/</path>
         <kind>object</kind>
         <file>usbdbulk.obj</file>
         <name>usbdbulk.obj</name>
      </input_file>
      <input_file id="fl-3a">
         <path>./usblib/device/</path>
         <kind>object</kind>
         <file>usbdcdc.obj</file>
         <name>usbdcdc.obj</name>
      </input_file>
      <input_file id="fl-3b">
         <path>./usblib/device/</path>
         <kind>object</kind>
         <file>usbdcdesc.obj</file>
         <name>usbdcdesc.obj</name>
      </input_file>
      <input_file id="fl-3c">
         <path>./usblib/device/</path>
         <kind>object</kind>
         <file>usbdcomp.obj</file>
         <name>usbdcomp.obj</name>
      </input_file>
      <input_file id="fl-3d">
         <path>./usblib/device/</path>
         <kind>object</kind>
         <file>usbdconfig.obj</file>
         <name>usbdconfig.obj</name>
      </input_file>
      <input_file id="fl-3e">
         <path>./usblib/device/</path>
         <kind>object</kind>
         <file>usbddfu-rt.obj</file>
         <name>usbddfu-rt.obj</name>
      </input_file>
      <input_file id="fl-3f">
         <path>./usblib/device/</path>
         <kind>object</kind>
         <file>usbdenum.obj</file>
         <name>usbdenum.obj</name>
      </input_file>
      <input_file id="fl-40">
         <path>./usblib/device/</path>
         <kind>object</kind>
         <file>usbdhandler.obj</file>
         <name>usbdhandler.obj</name>
      </input_file>
      <input_file id="fl-41">
         <path>./usblib/device/</path>
         <kind>object</kind>
         <file>usbdhid.obj</file>
         <name>usbdhid.obj</name>
      </input_file>
      <input_file id="fl-42">
         <path>./usblib/device/</path>
         <kind>object</kind>
         <file>usbdhidgamepad.obj</file>
         <name>usbdhidgamepad.obj</name>
      </input_file>
      <input_file id="fl-43">
         <path>./usblib/device/</path>
         <kind>object</kind>
         <file>usbdhidkeyb.obj</file>
         <name>usbdhidkeyb.obj</name>
      </input_file>
      <input_file id="fl-44">
         <path>./usblib/device/</path>
         <kind>object</kind>
         <file>usbdhidmouse.obj</file>
         <name>usbdhidmouse.obj</name>
      </input_file>
      <input_file id="fl-45">
         <path>./usblib/device/</path>
         <kind>object</kind>
         <file>usbdmsc.obj</file>
         <name>usbdmsc.obj</name>
      </input_file>
      <input_file id="fl-46">
         <path>./usblib/host/</path>
         <kind>object</kind>
         <file>usbhaudio.obj</file>
         <name>usbhaudio.obj</name>
      </input_file>
      <input_file id="fl-47">
         <path>./usblib/host/</path>
         <kind>object</kind>
         <file>usbhhid.obj</file>
         <name>usbhhid.obj</name>
      </input_file>
      <input_file id="fl-48">
         <path>./usblib/host/</path>
         <kind>object</kind>
         <file>usbhhidkeyboard.obj</file>
         <name>usbhhidkeyboard.obj</name>
      </input_file>
      <input_file id="fl-49">
         <path>./usblib/host/</path>
         <kind>object</kind>
         <file>usbhhidmouse.obj</file>
         <name>usbhhidmouse.obj</name>
      </input_file>
      <input_file id="fl-4a">
         <path>./usblib/host/</path>
         <kind>object</kind>
         <file>usbhhub.obj</file>
         <name>usbhhub.obj</name>
      </input_file>
      <input_file id="fl-4b">
         <path>./usblib/host/</path>
         <kind>object</kind>
         <file>usbhmsc.obj</file>
         <name>usbhmsc.obj</name>
      </input_file>
      <input_file id="fl-4c">
         <path>./usblib/host/</path>
         <kind>object</kind>
         <file>usbhostenum.obj</file>
         <name>usbhostenum.obj</name>
      </input_file>
      <input_file id="fl-4d">
         <path>./usblib/host/</path>
         <kind>object</kind>
         <file>usbhscsi.obj</file>
         <name>usbhscsi.obj</name>
      </input_file>
      <input_file id="fl-4e">
         <path>./usblib/</path>
         <kind>object</kind>
         <file>usbbuffer.obj</file>
         <name>usbbuffer.obj</name>
      </input_file>
      <input_file id="fl-4f">
         <path>./usblib/</path>
         <kind>object</kind>
         <file>usbdesc.obj</file>
         <name>usbdesc.obj</name>
      </input_file>
      <input_file id="fl-50">
         <path>./usblib/</path>
         <kind>object</kind>
         <file>usbdma.obj</file>
         <name>usbdma.obj</name>
      </input_file>
      <input_file id="fl-51">
         <path>./usblib/</path>
         <kind>object</kind>
         <file>usbkeyboardmap.obj</file>
         <name>usbkeyboardmap.obj</name>
      </input_file>
      <input_file id="fl-52">
         <path>./usblib/</path>
         <kind>object</kind>
         <file>usbmode.obj</file>
         <name>usbmode.obj</name>
      </input_file>
      <input_file id="fl-53">
         <path>./usblib/</path>
         <kind>object</kind>
         <file>usbringbuf.obj</file>
         <name>usbringbuf.obj</name>
      </input_file>
      <input_file id="fl-54">
         <path>./usblib/</path>
         <kind>object</kind>
         <file>usbtick.obj</file>
         <name>usbtick.obj</name>
      </input_file>
      <input_file id="fl-55">
         <path>./usblib/</path>
         <kind>object</kind>
         <file>usbulpi.obj</file>
         <name>usbulpi.obj</name>
      </input_file>
      <input_file id="fl-56">
         <path>./utils/</path>
         <kind>object</kind>
         <file>RunTimeStatsConfig.obj</file>
         <name>RunTimeStatsConfig.obj</name>
      </input_file>
      <input_file id="fl-57">
         <path>./utils/</path>
         <kind>object</kind>
         <file>cmdline.obj</file>
         <name>cmdline.obj</name>
      </input_file>
      <input_file id="fl-58">
         <path>./utils/</path>
         <kind>object</kind>
         <file>cpu_usage.obj</file>
         <name>cpu_usage.obj</name>
      </input_file>
      <input_file id="fl-59">
         <path>./utils/</path>
         <kind>object</kind>
         <file>uartstdio.obj</file>
         <name>uartstdio.obj</name>
      </input_file>
      <input_file id="fl-5d">
         <kind>object</kind>
         <file>&lt;internal&gt;</file>
         <name>&lt;internal&gt;</name>
      </input_file>
      <input_file id="fl-113">
         <path>/opt/ti/ccs930/ccs/tools/compiler/ti-cgt-arm_18.12.4.LTS/lib/</path>
         <kind>archive</kind>
         <file>rtsv7M4_T_le_v4SPD16_eabi.lib</file>
         <name>sprintf.c.obj</name>
      </input_file>
      <input_file id="fl-114">
         <path>/opt/ti/ccs930/ccs/tools/compiler/ti-cgt-arm_18.12.4.LTS/lib/</path>
         <kind>archive</kind>
         <file>rtsv7M4_T_le_v4SPD16_eabi.lib</file>
         <name>memcpy_t2.asm.obj</name>
      </input_file>
      <input_file id="fl-115">
         <path>/opt/ti/ccs930/ccs/tools/compiler/ti-cgt-arm_18.12.4.LTS/lib/</path>
         <kind>archive</kind>
         <file>rtsv7M4_T_le_v4SPD16_eabi.lib</file>
         <name>u_divt2.asm.obj</name>
      </input_file>
      <input_file id="fl-116">
         <path>/opt/ti/ccs930/ccs/tools/compiler/ti-cgt-arm_18.12.4.LTS/lib/</path>
         <kind>archive</kind>
         <file>rtsv7M4_T_le_v4SPD16_eabi.lib</file>
         <name>memset_t2.asm.obj</name>
      </input_file>
      <input_file id="fl-117">
         <path>/opt/ti/ccs930/ccs/tools/compiler/ti-cgt-arm_18.12.4.LTS/lib/</path>
         <kind>archive</kind>
         <file>rtsv7M4_T_le_v4SPD16_eabi.lib</file>
         <name>copy_zero_init.c.obj</name>
      </input_file>
      <input_file id="fl-118">
         <path>/opt/ti/ccs930/ccs/tools/compiler/ti-cgt-arm_18.12.4.LTS/lib/</path>
         <kind>archive</kind>
         <file>rtsv7M4_T_le_v4SPD16_eabi.lib</file>
         <name>copy_decompress_none.c.obj</name>
      </input_file>
      <input_file id="fl-119">
         <path>/opt/ti/ccs930/ccs/tools/compiler/ti-cgt-arm_18.12.4.LTS/lib/</path>
         <kind>archive</kind>
         <file>rtsv7M4_T_le_v4SPD16_eabi.lib</file>
         <name>copy_decompress_lzss.c.obj</name>
      </input_file>
      <input_file id="fl-11a">
         <path>/opt/ti/ccs930/ccs/tools/compiler/ti-cgt-arm_18.12.4.LTS/lib/</path>
         <kind>archive</kind>
         <file>rtsv7M4_T_le_v4SPD16_eabi.lib</file>
         <name>strcmp.c.obj</name>
      </input_file>
      <input_file id="fl-11b">
         <path>/opt/ti/ccs930/ccs/tools/compiler/ti-cgt-arm_18.12.4.LTS/lib/</path>
         <kind>archive</kind>
         <file>rtsv7M4_T_le_v4SPD16_eabi.lib</file>
         <name>strcpy.c.obj</name>
      </input_file>
      <input_file id="fl-11c">
         <path>/opt/ti/ccs930/ccs/tools/compiler/ti-cgt-arm_18.12.4.LTS/lib/</path>
         <kind>archive</kind>
         <file>rtsv7M4_T_le_v4SPD16_eabi.lib</file>
         <name>strlen.c.obj</name>
      </input_file>
      <input_file id="fl-11d">
         <path>/opt/ti/ccs930/ccs/tools/compiler/ti-cgt-arm_18.12.4.LTS/lib/</path>
         <kind>archive</kind>
         <file>rtsv7M4_T_le_v4SPD16_eabi.lib</file>
         <name>strncmp.c.obj</name>
      </input_file>
      <input_file id="fl-11e">
         <path>/opt/ti/ccs930/ccs/tools/compiler/ti-cgt-arm_18.12.4.LTS/lib/</path>
         <kind>archive</kind>
         <file>rtsv7M4_T_le_v4SPD16_eabi.lib</file>
         <name>boot_cortex_m.c.obj</name>
      </input_file>
      <input_file id="fl-11f">
         <path>/opt/ti/ccs930/ccs/tools/compiler/ti-cgt-arm_18.12.4.LTS/lib/</path>
         <kind>archive</kind>
         <file>rtsv7M4_T_le_v4SPD16_eabi.lib</file>
         <name>_printfi.c.obj</name>
      </input_file>
      <input_file id="fl-120">
         <path>/opt/ti/ccs930/ccs/tools/compiler/ti-cgt-arm_18.12.4.LTS/lib/</path>
         <kind>archive</kind>
         <file>rtsv7M4_T_le_v4SPD16_eabi.lib</file>
         <name>div0.asm.obj</name>
      </input_file>
      <input_file id="fl-121">
         <path>/opt/ti/ccs930/ccs/tools/compiler/ti-cgt-arm_18.12.4.LTS/lib/</path>
         <kind>archive</kind>
         <file>rtsv7M4_T_le_v4SPD16_eabi.lib</file>
         <name>fd_add_t2.asm.obj</name>
      </input_file>
      <input_file id="fl-122">
         <path>/opt/ti/ccs930/ccs/tools/compiler/ti-cgt-arm_18.12.4.LTS/lib/</path>
         <kind>archive</kind>
         <file>rtsv7M4_T_le_v4SPD16_eabi.lib</file>
         <name>fd_cmp_t2.asm.obj</name>
      </input_file>
      <input_file id="fl-123">
         <path>/opt/ti/ccs930/ccs/tools/compiler/ti-cgt-arm_18.12.4.LTS/lib/</path>
         <kind>archive</kind>
         <file>rtsv7M4_T_le_v4SPD16_eabi.lib</file>
         <name>fd_div_t2.asm.obj</name>
      </input_file>
      <input_file id="fl-124">
         <path>/opt/ti/ccs930/ccs/tools/compiler/ti-cgt-arm_18.12.4.LTS/lib/</path>
         <kind>archive</kind>
         <file>rtsv7M4_T_le_v4SPD16_eabi.lib</file>
         <name>fd_mul_t2.asm.obj</name>
      </input_file>
      <input_file id="fl-125">
         <path>/opt/ti/ccs930/ccs/tools/compiler/ti-cgt-arm_18.12.4.LTS/lib/</path>
         <kind>archive</kind>
         <file>rtsv7M4_T_le_v4SPD16_eabi.lib</file>
         <name>fd_toi_t2.asm.obj</name>
      </input_file>
      <input_file id="fl-126">
         <path>/opt/ti/ccs930/ccs/tools/compiler/ti-cgt-arm_18.12.4.LTS/lib/</path>
         <kind>archive</kind>
         <file>rtsv7M4_T_le_v4SPD16_eabi.lib</file>
         <name>i_tofd_t2.asm.obj</name>
      </input_file>
      <input_file id="fl-127">
         <path>/opt/ti/ccs930/ccs/tools/compiler/ti-cgt-arm_18.12.4.LTS/lib/</path>
         <kind>archive</kind>
         <file>rtsv7M4_T_le_v4SPD16_eabi.lib</file>
         <name>ull_div_t2.asm.obj</name>
      </input_file>
      <input_file id="fl-128">
         <path>/opt/ti/ccs930/ccs/tools/compiler/ti-cgt-arm_18.12.4.LTS/lib/</path>
         <kind>archive</kind>
         <file>rtsv7M4_T_le_v4SPD16_eabi.lib</file>
         <name>autoinit.c.obj</name>
      </input_file>
      <input_file id="fl-129">
         <path>/opt/ti/ccs930/ccs/tools/compiler/ti-cgt-arm_18.12.4.LTS/lib/</path>
         <kind>archive</kind>
         <file>rtsv7M4_T_le_v4SPD16_eabi.lib</file>
         <name>pre_init.c.obj</name>
      </input_file>
      <input_file id="fl-12a">
         <path>/opt/ti/ccs930/ccs/tools/compiler/ti-cgt-arm_18.12.4.LTS/lib/</path>
         <kind>archive</kind>
         <file>rtsv7M4_T_le_v4SPD16_eabi.lib</file>
         <name>cpy_tbl.c.obj</name>
      </input_file>
      <input_file id="fl-12b">
         <path>/opt/ti/ccs930/ccs/tools/compiler/ti-cgt-arm_18.12.4.LTS/lib/</path>
         <kind>archive</kind>
         <file>rtsv7M4_T_le_v4SPD16_eabi.lib</file>
         <name>exit.c.obj</name>
      </input_file>
      <input_file id="fl-12c">
         <path>/opt/ti/ccs930/ccs/tools/compiler/ti-cgt-arm_18.12.4.LTS/lib/</path>
         <kind>archive</kind>
         <file>rtsv7M4_T_le_v4SPD16_eabi.lib</file>
         <name>_lock.c.obj</name>
      </input_file>
      <input_file id="fl-12d">
         <path>/opt/ti/ccs930/ccs/tools/compiler/ti-cgt-arm_18.12.4.LTS/lib/</path>
         <kind>archive</kind>
         <file>rtsv7M4_T_le_v4SPD16_eabi.lib</file>
         <name>args_main.c.obj</name>
      </input_file>
      <input_file id="fl-12e">
         <path>/opt/ti/ccs930/ccs/tools/compiler/ti-cgt-arm_18.12.4.LTS/lib/</path>
         <kind>archive</kind>
         <file>rtsv7M4_T_le_v4SPD16_eabi.lib</file>
         <name>atoi.c.obj</name>
      </input_file>
      <input_file id="fl-12f">
         <path>/opt/ti/ccs930/ccs/tools/compiler/ti-cgt-arm_18.12.4.LTS/lib/</path>
         <kind>archive</kind>
         <file>rtsv7M4_T_le_v4SPD16_eabi.lib</file>
         <name>ctype.c.obj</name>
      </input_file>
      <input_file id="fl-130">
         <path>/opt/ti/ccs930/ccs/tools/compiler/ti-cgt-arm_18.12.4.LTS/lib/</path>
         <kind>archive</kind>
         <file>rtsv7M4_T_le_v4SPD16_eabi.lib</file>
         <name>ltoa.c.obj</name>
      </input_file>
      <input_file id="fl-131">
         <path>/opt/ti/ccs930/ccs/tools/compiler/ti-cgt-arm_18.12.4.LTS/lib/</path>
         <kind>archive</kind>
         <file>rtsv7M4_T_le_v4SPD16_eabi.lib</file>
         <name>memccpy.c.obj</name>
      </input_file>
      <input_file id="fl-132">
         <path>/opt/ti/ccs930/ccs/tools/compiler/ti-cgt-arm_18.12.4.LTS/lib/</path>
         <kind>archive</kind>
         <file>rtsv7M4_T_le_v4SPD16_eabi.lib</file>
         <name>strchr.c.obj</name>
      </input_file>
      <input_file id="fl-133">
         <path>/opt/ti/ccs930/ccs/tools/compiler/ti-cgt-arm_18.12.4.LTS/lib/</path>
         <kind>archive</kind>
         <file>rtsv7M4_T_le_v4SPD16_eabi.lib</file>
         <name>errno.c.obj</name>
      </input_file>
      <input_file id="fl-134">
         <path>/opt/ti/ccs930/ccs/tools/compiler/ti-cgt-arm_18.12.4.LTS/lib/</path>
         <kind>archive</kind>
         <file>rtsv7M4_T_le_v4SPD16_eabi.lib</file>
         <name>wcslen.c.obj</name>
      </input_file>
      <input_file id="fl-135">
         <path>/opt/ti/ccs930/ccs/tools/compiler/ti-cgt-arm_18.12.4.LTS/lib/</path>
         <kind>archive</kind>
         <file>rtsv7M4_T_le_v4SPD16_eabi.lib</file>
         <name>s_frexp.c.obj</name>
      </input_file>
      <input_file id="fl-136">
         <path>/opt/ti/ccs930/ccs/tools/compiler/ti-cgt-arm_18.12.4.LTS/lib/</path>
         <kind>archive</kind>
         <file>rtsv7M4_T_le_v4SPD16_eabi.lib</file>
         <name>s_scalbn.c.obj</name>
      </input_file>
      <input_file id="fl-137">
         <path>/opt/ti/ccs930/ccs/tools/compiler/ti-cgt-arm_18.12.4.LTS/lib/</path>
         <kind>archive</kind>
         <file>rtsv7M4_T_le_v4SPD16_eabi.lib</file>
         <name>s_copysign.c.obj</name>
      </input_file>
   </input_file_list>
   <object_component_list>
      <object_component id="oc-f">
         <name>.intvecs</name>
         <load_address>0x0</load_address>
         <run_address>0x0</run_address>
         <size>0x26c</size>
         <input_file_ref idref="fl-4"/>
      </object_component>
      <object_component id="oc-219">
         <name>.text</name>
         <load_address>0x26c</load_address>
         <run_address>0x26c</run_address>
         <size>0x2398</size>
         <input_file_ref idref="fl-2e"/>
      </object_component>
      <object_component id="oc-8e">
         <name>.text</name>
         <load_address>0x2604</load_address>
         <run_address>0x2604</run_address>
         <size>0x1f6c</size>
         <input_file_ref idref="fl-a"/>
      </object_component>
      <object_component id="oc-1be">
         <name>.text</name>
         <load_address>0x4570</load_address>
         <run_address>0x4570</run_address>
         <size>0x1688</size>
         <input_file_ref idref="fl-28"/>
      </object_component>
      <object_component id="oc-e4">
         <name>.text</name>
         <load_address>0x5bf8</load_address>
         <run_address>0x5bf8</run_address>
         <size>0x1570</size>
         <input_file_ref idref="fl-3f"/>
      </object_component>
      <object_component id="oc-25a">
         <name>.text</name>
         <load_address>0x7168</load_address>
         <run_address>0x7168</run_address>
         <size>0x1220</size>
         <input_file_ref idref="fl-1c"/>
      </object_component>
      <object_component id="oc-af">
         <name>.text</name>
         <load_address>0x8388</load_address>
         <run_address>0x8388</run_address>
         <size>0x10c0</size>
         <input_file_ref idref="fl-8"/>
      </object_component>
      <object_component id="oc-225">
         <name>.text</name>
         <load_address>0x9448</load_address>
         <run_address>0x9448</run_address>
         <size>0xfa8</size>
         <input_file_ref idref="fl-50"/>
      </object_component>
      <object_component id="oc-305">
         <name>.text</name>
         <load_address>0xa3f0</load_address>
         <run_address>0xa3f0</run_address>
         <size>0xcf4</size>
         <input_file_ref idref="fl-2b"/>
      </object_component>
      <object_component id="oc-35">
         <name>.text</name>
         <load_address>0xb0e4</load_address>
         <run_address>0xb0e4</run_address>
         <size>0xb8c</size>
         <input_file_ref idref="fl-59"/>
      </object_component>
      <object_component id="oc-b5">
         <name>.text</name>
         <load_address>0xbc70</load_address>
         <run_address>0xbc70</run_address>
         <size>0xa74</size>
         <input_file_ref idref="fl-2c"/>
      </object_component>
      <object_component id="oc-316">
         <name>.text:__TI_printfi</name>
         <load_address>0xc6e4</load_address>
         <run_address>0xc6e4</run_address>
         <size>0xa4e</size>
         <input_file_ref idref="fl-11f"/>
      </object_component>
      <object_component id="oc-20e">
         <name>.text</name>
         <load_address>0xd132</load_address>
         <run_address>0xd132</run_address>
         <size>0x2</size>
         <input_file_ref idref="fl-120"/>
      </object_component>
      <object_component id="oc-41">
         <name>.text</name>
         <load_address>0xd134</load_address>
         <run_address>0xd134</run_address>
         <size>0xa1c</size>
         <input_file_ref idref="fl-31"/>
      </object_component>
      <object_component id="oc-184">
         <name>.text</name>
         <load_address>0xdb50</load_address>
         <run_address>0xdb50</run_address>
         <size>0x7d4</size>
         <input_file_ref idref="fl-b"/>
      </object_component>
      <object_component id="oc-1ee">
         <name>.text</name>
         <load_address>0xe324</load_address>
         <run_address>0xe324</run_address>
         <size>0x490</size>
         <input_file_ref idref="fl-1f"/>
      </object_component>
      <object_component id="oc-24a">
         <name>.text</name>
         <load_address>0xe7b4</load_address>
         <run_address>0xe7b4</run_address>
         <size>0x3bc</size>
         <input_file_ref idref="fl-3d"/>
      </object_component>
      <object_component id="oc-1c9">
         <name>.text</name>
         <load_address>0xeb70</load_address>
         <run_address>0xeb70</run_address>
         <size>0x3b0</size>
         <input_file_ref idref="fl-2"/>
      </object_component>
      <object_component id="oc-105">
         <name>.text</name>
         <load_address>0xef20</load_address>
         <run_address>0xef20</run_address>
         <size>0x370</size>
         <input_file_ref idref="fl-e"/>
      </object_component>
      <object_component id="oc-1d0">
         <name>.text</name>
         <load_address>0xf290</load_address>
         <run_address>0xf290</run_address>
         <size>0x328</size>
         <input_file_ref idref="fl-30"/>
      </object_component>
      <object_component id="oc-244">
         <name>.text</name>
         <load_address>0xf5b8</load_address>
         <run_address>0xf5b8</run_address>
         <size>0x2de</size>
         <input_file_ref idref="fl-3b"/>
      </object_component>
      <object_component id="oc-2f">
         <name>.text</name>
         <load_address>0xf898</load_address>
         <run_address>0xf898</run_address>
         <size>0x2d0</size>
         <input_file_ref idref="fl-c"/>
      </object_component>
      <object_component id="oc-f0">
         <name>.text</name>
         <load_address>0xfb68</load_address>
         <run_address>0xfb68</run_address>
         <size>0x2c8</size>
         <input_file_ref idref="fl-32"/>
      </object_component>
      <object_component id="oc-95">
         <name>.text</name>
         <load_address>0xfe30</load_address>
         <run_address>0xfe30</run_address>
         <size>0x2a0</size>
         <input_file_ref idref="fl-3"/>
      </object_component>
      <object_component id="oc-442">
         <name>.text:_pconv_a</name>
         <load_address>0x100d0</load_address>
         <run_address>0x100d0</run_address>
         <size>0x270</size>
         <input_file_ref idref="fl-11f"/>
      </object_component>
      <object_component id="oc-3c0">
         <name>.text</name>
         <load_address>0x10340</load_address>
         <run_address>0x10340</run_address>
         <size>0x1d2</size>
         <input_file_ref idref="fl-4f"/>
      </object_component>
      <object_component id="oc-430">
         <name>.text:_pconv_g</name>
         <load_address>0x10514</load_address>
         <run_address>0x10514</run_address>
         <size>0x1d0</size>
         <input_file_ref idref="fl-11f"/>
      </object_component>
      <object_component id="oc-539">
         <name>.text</name>
         <load_address>0x106e4</load_address>
         <run_address>0x106e4</run_address>
         <size>0x1b6</size>
         <input_file_ref idref="fl-121"/>
      </object_component>
      <object_component id="oc-43c">
         <name>.text:_pconv_e</name>
         <load_address>0x1089c</load_address>
         <run_address>0x1089c</run_address>
         <size>0x13c</size>
         <input_file_ref idref="fl-11f"/>
      </object_component>
      <object_component id="oc-51f">
         <name>.text</name>
         <load_address>0x109d8</load_address>
         <run_address>0x109d8</run_address>
         <size>0x136</size>
         <input_file_ref idref="fl-123"/>
      </object_component>
      <object_component id="oc-172">
         <name>.text</name>
         <load_address>0x10b0e</load_address>
         <run_address>0x10b0e</run_address>
         <size>0x12a</size>
         <input_file_ref idref="fl-7"/>
      </object_component>
      <object_component id="oc-1b8">
         <name>.text</name>
         <load_address>0x10c38</load_address>
         <run_address>0x10c38</run_address>
         <size>0x124</size>
         <input_file_ref idref="fl-58"/>
      </object_component>
      <object_component id="oc-54b">
         <name>.text:fcvt</name>
         <load_address>0x10d5c</load_address>
         <run_address>0x10d5c</run_address>
         <size>0x124</size>
         <input_file_ref idref="fl-11f"/>
      </object_component>
      <object_component id="oc-55f">
         <name>.text:scalbn</name>
         <load_address>0x10e80</load_address>
         <run_address>0x10e80</run_address>
         <size>0x110</size>
         <input_file_ref idref="fl-136"/>
      </object_component>
      <object_component id="oc-51a">
         <name>.text</name>
         <load_address>0x10f90</load_address>
         <run_address>0x10f90</run_address>
         <size>0xfc</size>
         <input_file_ref idref="fl-124"/>
      </object_component>
      <object_component id="oc-22b">
         <name>.text</name>
         <load_address>0x1108c</load_address>
         <run_address>0x1108c</run_address>
         <size>0xec</size>
         <input_file_ref idref="fl-54"/>
      </object_component>
      <object_component id="oc-2a">
         <name>.text</name>
         <load_address>0x11178</load_address>
         <run_address>0x11178</run_address>
         <size>0xda</size>
         <input_file_ref idref="fl-d"/>
      </object_component>
      <object_component id="oc-21f">
         <name>.text</name>
         <load_address>0x11252</load_address>
         <run_address>0x11252</run_address>
         <size>0xc8</size>
         <input_file_ref idref="fl-55"/>
      </object_component>
      <object_component id="oc-425">
         <name>.text:_ltostr</name>
         <load_address>0x1131c</load_address>
         <run_address>0x1131c</run_address>
         <size>0xb1</size>
         <input_file_ref idref="fl-11f"/>
      </object_component>
      <object_component id="oc-34a">
         <name>.text</name>
         <load_address>0x113d0</load_address>
         <run_address>0x113d0</run_address>
         <size>0xac</size>
         <input_file_ref idref="fl-57"/>
      </object_component>
      <object_component id="oc-55">
         <name>.text</name>
         <load_address>0x1147c</load_address>
         <run_address>0x1147c</run_address>
         <size>0x9c</size>
         <input_file_ref idref="fl-114"/>
      </object_component>
      <object_component id="oc-513">
         <name>.text</name>
         <load_address>0x11518</load_address>
         <run_address>0x11518</run_address>
         <size>0x96</size>
         <input_file_ref idref="fl-127"/>
      </object_component>
      <object_component id="oc-42b">
         <name>.text:__aeabi_cdcmple</name>
         <load_address>0x115ae</load_address>
         <run_address>0x115ae</run_address>
         <size>0x86</size>
         <input_file_ref idref="fl-122"/>
      </object_component>
      <object_component id="oc-524">
         <name>.text:__aeabi_cdrcmple</name>
         <load_address>0x11634</load_address>
         <run_address>0x11634</run_address>
         <size>0x86</size>
         <input_file_ref idref="fl-122"/>
      </object_component>
      <object_component id="oc-eb">
         <name>.text</name>
         <load_address>0x116ba</load_address>
         <run_address>0x116ba</run_address>
         <size>0x7a</size>
         <input_file_ref idref="fl-116"/>
      </object_component>
      <object_component id="oc-544">
         <name>.text:_mcpy</name>
         <load_address>0x11734</load_address>
         <run_address>0x11734</run_address>
         <size>0x6e</size>
         <input_file_ref idref="fl-11f"/>
      </object_component>
      <object_component id="oc-18a">
         <name>.text</name>
         <load_address>0x117a4</load_address>
         <run_address>0x117a4</run_address>
         <size>0x68</size>
         <input_file_ref idref="fl-56"/>
      </object_component>
      <object_component id="oc-12">
         <name>.text:decompress:lzss:__TI_decompress_lzss</name>
         <load_address>0x1180c</load_address>
         <run_address>0x1180c</run_address>
         <size>0x68</size>
         <input_file_ref idref="fl-119"/>
      </object_component>
      <object_component id="oc-559">
         <name>.text:frexp</name>
         <load_address>0x11874</load_address>
         <run_address>0x11874</run_address>
         <size>0x64</size>
         <input_file_ref idref="fl-135"/>
      </object_component>
      <object_component id="oc-436">
         <name>.text:_pconv_f</name>
         <load_address>0x118d8</load_address>
         <run_address>0x118d8</run_address>
         <size>0x56</size>
         <input_file_ref idref="fl-11f"/>
      </object_component>
      <object_component id="oc-52e">
         <name>.text:ltoa</name>
         <load_address>0x1192e</load_address>
         <run_address>0x1192e</run_address>
         <size>0x54</size>
         <input_file_ref idref="fl-130"/>
      </object_component>
      <object_component id="oc-53e">
         <name>.text:_ecpy</name>
         <load_address>0x11982</load_address>
         <run_address>0x11982</run_address>
         <size>0x52</size>
         <input_file_ref idref="fl-11f"/>
      </object_component>
      <object_component id="oc-41f">
         <name>.text:atoi</name>
         <load_address>0x119d4</load_address>
         <run_address>0x119d4</run_address>
         <size>0x4c</size>
         <input_file_ref idref="fl-12e"/>
      </object_component>
      <object_component id="oc-529">
         <name>.text</name>
         <load_address>0x11a20</load_address>
         <run_address>0x11a20</run_address>
         <size>0x48</size>
         <input_file_ref idref="fl-125"/>
      </object_component>
      <object_component id="oc-2a5">
         <name>.text:__TI_auto_init_nobinit_nopinit:__TI_auto_init_nobinit_nopinit</name>
         <load_address>0x11a68</load_address>
         <run_address>0x11a68</run_address>
         <size>0x44</size>
         <input_file_ref idref="fl-128"/>
      </object_component>
      <object_component id="oc-d0">
         <name>.text</name>
         <load_address>0x11aac</load_address>
         <run_address>0x11aac</run_address>
         <size>0x40</size>
         <input_file_ref idref="fl-115"/>
      </object_component>
      <object_component id="oc-1ac">
         <name>.text:sprintf</name>
         <load_address>0x11aec</load_address>
         <run_address>0x11aec</run_address>
         <size>0x40</size>
         <input_file_ref idref="fl-113"/>
      </object_component>
      <object_component id="oc-551">
         <name>.text:_fcpy</name>
         <load_address>0x11b2c</load_address>
         <run_address>0x11b2c</run_address>
         <size>0x3e</size>
         <input_file_ref idref="fl-11f"/>
      </object_component>
      <object_component id="oc-338">
         <name>.text</name>
         <load_address>0x11b6a</load_address>
         <run_address>0x11b6a</run_address>
         <size>0x3e</size>
         <input_file_ref idref="fl-13"/>
      </object_component>
      <object_component id="oc-73">
         <name>.text:_c_int00_noargs:_c_int00_noargs</name>
         <load_address>0x11ba8</load_address>
         <run_address>0x11ba8</run_address>
         <size>0x34</size>
         <input_file_ref idref="fl-11e"/>
      </object_component>
      <object_component id="oc-534">
         <name>.text</name>
         <load_address>0x11bdc</load_address>
         <run_address>0x11bdc</run_address>
         <size>0x2e</size>
         <input_file_ref idref="fl-126"/>
      </object_component>
      <object_component id="oc-354">
         <name>.text:strncmp</name>
         <load_address>0x11c0a</load_address>
         <run_address>0x11c0a</run_address>
         <size>0x2c</size>
         <input_file_ref idref="fl-11d"/>
      </object_component>
      <object_component id="oc-24">
         <name>.text</name>
         <load_address>0x11c38</load_address>
         <run_address>0x11c38</run_address>
         <size>0x2c</size>
         <input_file_ref idref="fl-4"/>
      </object_component>
      <object_component id="oc-193">
         <name>.text:GetOverflowCounts</name>
         <load_address>0x11c64</load_address>
         <run_address>0x11c64</run_address>
         <size>0x24</size>
         <input_file_ref idref="fl-56"/>
      </object_component>
      <object_component id="oc-3b">
         <name>.text</name>
         <load_address>0x11c88</load_address>
         <run_address>0x11c88</run_address>
         <size>0x24</size>
         <input_file_ref idref="fl-40"/>
      </object_component>
      <object_component id="oc-448">
         <name>.text:memccpy</name>
         <load_address>0x11cac</load_address>
         <run_address>0x11cac</run_address>
         <size>0x1c</size>
         <input_file_ref idref="fl-131"/>
      </object_component>
      <object_component id="oc-5cb">
         <name>.text:copysign</name>
         <load_address>0x11cc8</load_address>
         <run_address>0x11cc8</run_address>
         <size>0x1a</size>
         <input_file_ref idref="fl-137"/>
      </object_component>
      <object_component id="oc-31c">
         <name>.text:_outs</name>
         <load_address>0x11ce2</load_address>
         <run_address>0x11ce2</run_address>
         <size>0x18</size>
         <input_file_ref idref="fl-113"/>
      </object_component>
      <object_component id="oc-48c">
         <name>.text:strcmp</name>
         <load_address>0x11cfa</load_address>
         <run_address>0x11cfa</run_address>
         <size>0x18</size>
         <input_file_ref idref="fl-11a"/>
      </object_component>
      <object_component id="oc-565">
         <name>.text:strchr</name>
         <load_address>0x11d12</load_address>
         <run_address>0x11d12</run_address>
         <size>0x16</size>
         <input_file_ref idref="fl-132"/>
      </object_component>
      <object_component id="oc-1a0">
         <name>.text:strcpy</name>
         <load_address>0x11d28</load_address>
         <run_address>0x11d28</run_address>
         <size>0x14</size>
         <input_file_ref idref="fl-11b"/>
      </object_component>
      <object_component id="oc-1a6">
         <name>.text:strlen</name>
         <load_address>0x11d3c</load_address>
         <run_address>0x11d3c</run_address>
         <size>0x14</size>
         <input_file_ref idref="fl-11c"/>
      </object_component>
      <object_component id="oc-44e">
         <name>.text:wcslen</name>
         <load_address>0x11d50</load_address>
         <run_address>0x11d50</run_address>
         <size>0x12</size>
         <input_file_ref idref="fl-134"/>
      </object_component>
      <object_component id="oc-18">
         <name>.text:decompress:none:__TI_decompress_none</name>
         <load_address>0x11d62</load_address>
         <run_address>0x11d62</run_address>
         <size>0xe</size>
         <input_file_ref idref="fl-118"/>
      </object_component>
      <object_component id="oc-67">
         <name>.text:decompress:ZI:__TI_zero_init</name>
         <load_address>0x11d70</load_address>
         <run_address>0x11d70</run_address>
         <size>0xc</size>
         <input_file_ref idref="fl-117"/>
      </object_component>
      <object_component id="oc-322">
         <name>.text:_outc</name>
         <load_address>0x11d7c</load_address>
         <run_address>0x11d7c</run_address>
         <size>0xa</size>
         <input_file_ref idref="fl-113"/>
      </object_component>
      <object_component id="oc-454">
         <name>.text:__aeabi_errno_addr</name>
         <load_address>0x11d88</load_address>
         <run_address>0x11d88</run_address>
         <size>0x8</size>
         <input_file_ref idref="fl-133"/>
      </object_component>
      <object_component id="oc-347">
         <name>.text:SysCtlDelay</name>
         <load_address>0x11d90</load_address>
         <run_address>0x11d90</run_address>
         <size>0x6</size>
         <input_file_ref idref="fl-28"/>
      </object_component>
      <object_component id="oc-156">
         <name>.text:_system_pre_init</name>
         <load_address>0x11d96</load_address>
         <run_address>0x11d96</run_address>
         <size>0x4</size>
         <input_file_ref idref="fl-129"/>
      </object_component>
      <object_component id="oc-299">
         <name>.text:abort:abort</name>
         <load_address>0x11d9a</load_address>
         <run_address>0x11d9a</run_address>
         <size>0x4</size>
         <input_file_ref idref="fl-12b"/>
      </object_component>
      <object_component id="oc-344">
         <name>.const:g_pppui32XTALtoVCO</name>
         <load_address>0x11da0</load_address>
         <run_address>0x11da0</run_address>
         <size>0x1b0</size>
         <input_file_ref idref="fl-28"/>
      </object_component>
      <object_component id="oc-50e">
         <name>.const:.string:_ctypes_</name>
         <load_address>0x11f50</load_address>
         <run_address>0x11f50</run_address>
         <size>0x101</size>
         <input_file_ref idref="fl-12f"/>
      </object_component>
      <object_component id="oc-3d0">
         <name>.const:g_ppui32GPIOIntMapSnowflake</name>
         <load_address>0x12054</load_address>
         <run_address>0x12054</run_address>
         <size>0xd8</size>
         <input_file_ref idref="fl-1c"/>
      </object_component>
      <object_component id="oc-3cd">
         <name>.const:g_ppui32GPIOIntMapBlizzard</name>
         <load_address>0x1212c</load_address>
         <run_address>0x1212c</run_address>
         <size>0xc0</size>
         <input_file_ref idref="fl-1c"/>
      </object_component>
      <object_component id="oc-497">
         <name>.const:.string</name>
         <load_address>0x121ec</load_address>
         <run_address>0x121ec</run_address>
         <size>0xbe</size>
         <input_file_ref idref="fl-2"/>
      </object_component>
      <object_component id="oc-387">
         <name>.const:g_pui32Regs</name>
         <load_address>0x122ac</load_address>
         <run_address>0x122ac</run_address>
         <size>0x9c</size>
         <input_file_ref idref="fl-1f"/>
      </object_component>
      <object_component id="oc-3d3">
         <name>.const:g_pui32GPIOBaseAddrs</name>
         <load_address>0x12348</load_address>
         <run_address>0x12348</run_address>
         <size>0x90</size>
         <input_file_ref idref="fl-1c"/>
      </object_component>
      <object_component id="oc-33e">
         <name>.const:g_pui32Xtals</name>
         <load_address>0x123d8</load_address>
         <run_address>0x123d8</run_address>
         <size>0x6c</size>
         <input_file_ref idref="fl-28"/>
      </object_component>
      <object_component id="oc-413">
         <name>.const:g_ppui32TimerIntMap</name>
         <load_address>0x12444</load_address>
         <run_address>0x12444</run_address>
         <size>0x60</size>
         <input_file_ref idref="fl-2b"/>
      </object_component>
      <object_component id="oc-113">
         <name>.const:.string:pids_tx_buffer</name>
         <load_address>0x124a4</load_address>
         <run_address>0x124a4</run_address>
         <size>0x40</size>
         <input_file_ref idref="fl-31"/>
      </object_component>
      <object_component id="oc-416">
         <name>.const:g_ppui32TimerIntMapSnowflake</name>
         <load_address>0x124e4</load_address>
         <run_address>0x124e4</run_address>
         <size>0x40</size>
         <input_file_ref idref="fl-2b"/>
      </object_component>
      <object_component id="oc-1e8">
         <name>.const:g_ppui32UARTIntMap</name>
         <load_address>0x12524</load_address>
         <run_address>0x12524</run_address>
         <size>0x40</size>
         <input_file_ref idref="fl-2c"/>
      </object_component>
      <object_component id="oc-1eb">
         <name>.const:g_ppui32UARTIntMapSnowflake</name>
         <load_address>0x12564</load_address>
         <run_address>0x12564</run_address>
         <size>0x40</size>
         <input_file_ref idref="fl-2c"/>
      </object_component>
      <object_component id="oc-241">
         <name>.const:g_psUSBDStdRequests</name>
         <load_address>0x125a4</load_address>
         <run_address>0x125a4</run_address>
         <size>0x34</size>
         <input_file_ref idref="fl-3f"/>
      </object_component>
      <object_component id="oc-335">
         <name>.const:g_sXTALtoMEMTIM</name>
         <load_address>0x125d8</load_address>
         <run_address>0x125d8</run_address>
         <size>0x30</size>
         <input_file_ref idref="fl-28"/>
      </object_component>
      <object_component id="oc-384">
         <name>.const:g_pui32Priority</name>
         <load_address>0x12608</load_address>
         <run_address>0x12608</run_address>
         <size>0x20</size>
         <input_file_ref idref="fl-1f"/>
      </object_component>
      <object_component id="oc-38d">
         <name>.const:g_pui32Dii16Regs</name>
         <load_address>0x12628</load_address>
         <run_address>0x12628</run_address>
         <size>0x14</size>
         <input_file_ref idref="fl-1f"/>
      </object_component>
      <object_component id="oc-38a">
         <name>.const:g_pui32EnRegs</name>
         <load_address>0x1263c</load_address>
         <run_address>0x1263c</run_address>
         <size>0x14</size>
         <input_file_ref idref="fl-1f"/>
      </object_component>
      <object_component id="oc-390">
         <name>.const:g_pui32PendRegs</name>
         <load_address>0x12650</load_address>
         <run_address>0x12650</run_address>
         <size>0x14</size>
         <input_file_ref idref="fl-1f"/>
      </object_component>
      <object_component id="oc-393">
         <name>.const:g_pui32UnpendRegs</name>
         <load_address>0x12664</load_address>
         <run_address>0x12664</run_address>
         <size>0x14</size>
         <input_file_ref idref="fl-1f"/>
      </object_component>
      <object_component id="oc-214">
         <name>.const:.string</name>
         <load_address>0x12678</load_address>
         <run_address>0x12678</run_address>
         <size>0x12</size>
         <input_file_ref idref="fl-59"/>
      </object_component>
      <object_component id="oc-be">
         <name>.const:g_ui32UARTBase</name>
         <load_address>0x1268c</load_address>
         <run_address>0x1268c</run_address>
         <size>0xc</size>
         <input_file_ref idref="fl-59"/>
      </object_component>
      <object_component id="oc-c4">
         <name>.const:g_ui32UARTInt</name>
         <load_address>0x12698</load_address>
         <run_address>0x12698</run_address>
         <size>0xc</size>
         <input_file_ref idref="fl-59"/>
      </object_component>
      <object_component id="oc-c1">
         <name>.const:g_ui32UARTPeriph</name>
         <load_address>0x126a4</load_address>
         <run_address>0x126a4</run_address>
         <size>0xc</size>
         <input_file_ref idref="fl-59"/>
      </object_component>
      <object_component id="oc-341">
         <name>.const:g_pui32VCOFrequencies</name>
         <load_address>0x126b0</load_address>
         <run_address>0x126b0</run_address>
         <size>0x8</size>
         <input_file_ref idref="fl-28"/>
      </object_component>
      <object_component id="oc-8b">
         <name>.const</name>
         <load_address>0x126b8</load_address>
         <run_address>0x126b8</run_address>
         <size>0x8</size>
         <input_file_ref idref="fl-c"/>
      </object_component>
      <object_component id="oc-d5">
         <name>.const</name>
         <load_address>0x126c0</load_address>
         <run_address>0x126c0</run_address>
         <size>0x4</size>
         <input_file_ref idref="fl-59"/>
      </object_component>
      <object_component id="oc-645">
         <name>.cinit..data.load</name>
         <load_address>0x126c8</load_address>
         <run_address>0x126c8</run_address>
         <size>0x9e</size>
      </object_component>
      <object_component id="oc-642">
         <name>__TI_handler_table</name>
         <load_address>0x12768</load_address>
         <run_address>0x12768</run_address>
         <size>0xc</size>
      </object_component>
      <object_component id="oc-646">
         <name>.cinit..bss.load</name>
         <load_address>0x12778</load_address>
         <run_address>0x12778</run_address>
         <size>0x8</size>
      </object_component>
      <object_component id="oc-644">
         <name>.cinit..vtable.load</name>
         <load_address>0x12780</load_address>
         <run_address>0x12780</run_address>
         <size>0x8</size>
      </object_component>
      <object_component id="oc-643">
         <name>__TI_cinit_table</name>
         <load_address>0x12788</load_address>
         <run_address>0x12788</run_address>
         <size>0x18</size>
      </object_component>
      <object_component id="oc-381">
         <name>.vtable</name>
         <uninitialized>true</uninitialized>
         <run_address>0x20000000</run_address>
         <size>0x26c</size>
         <input_file_ref idref="fl-1f"/>
      </object_component>
      <object_component id="oc-350">
         <name>.data:g_psCmdTable</name>
         <load_address>0x20005b30</load_address>
         <run_address>0x20005b30</run_address>
         <size>0x48</size>
         <input_file_ref idref="fl-2"/>
      </object_component>
      <object_component id="oc-1c6">
         <name>.data</name>
         <load_address>0x20005c2d</load_address>
         <run_address>0x20005c2d</run_address>
         <size>0x1</size>
         <input_file_ref idref="fl-3"/>
      </object_component>
      <object_component id="oc-88">
         <name>.data</name>
         <load_address>0x20005b78</load_address>
         <run_address>0x20005b78</run_address>
         <size>0x3c</size>
         <input_file_ref idref="fl-a"/>
      </object_component>
      <object_component id="oc-2ed">
         <name>.data</name>
         <load_address>0x20005c00</load_address>
         <run_address>0x20005c00</run_address>
         <size>0xc</size>
         <input_file_ref idref="fl-b"/>
      </object_component>
      <object_component id="oc-9b">
         <name>.data</name>
         <load_address>0x20005bf4</load_address>
         <run_address>0x20005bf4</run_address>
         <size>0xc</size>
         <input_file_ref idref="fl-c"/>
      </object_component>
      <object_component id="oc-279">
         <name>.data</name>
         <load_address>0x20005be4</load_address>
         <run_address>0x20005be4</run_address>
         <size>0x10</size>
         <input_file_ref idref="fl-e"/>
      </object_component>
      <object_component id="oc-35d">
         <name>.data:clearDTC_Message</name>
         <load_address>0x20005c49</load_address>
         <run_address>0x20005c49</run_address>
         <size>0x5</size>
         <input_file_ref idref="fl-30"/>
      </object_component>
      <object_component id="oc-360">
         <name>.data:readDTC_Message</name>
         <load_address>0x20005c4e</load_address>
         <run_address>0x20005c4e</run_address>
         <size>0x5</size>
         <input_file_ref idref="fl-30"/>
      </object_component>
      <object_component id="oc-110">
         <name>.data:OBDII_Message</name>
         <load_address>0x20005c38</load_address>
         <run_address>0x20005c38</run_address>
         <size>0x6</size>
         <input_file_ref idref="fl-31"/>
      </object_component>
      <object_component id="oc-116">
         <name>.data:nonOBD_Message</name>
         <load_address>0x20005c3e</load_address>
         <run_address>0x20005c3e</run_address>
         <size>0x6</size>
         <input_file_ref idref="fl-31"/>
      </object_component>
      <object_component id="oc-102">
         <name>.data:STC_message</name>
         <load_address>0x20005c44</load_address>
         <run_address>0x20005c44</run_address>
         <size>0x5</size>
         <input_file_ref idref="fl-31"/>
      </object_component>
      <object_component id="oc-238">
         <name>.data</name>
         <load_address>0x20005c30</load_address>
         <run_address>0x20005c30</run_address>
         <size>0x8</size>
         <input_file_ref idref="fl-3f"/>
      </object_component>
      <object_component id="oc-235">
         <name>.data</name>
         <load_address>0x20005c24</load_address>
         <run_address>0x20005c24</run_address>
         <size>0x9</size>
         <input_file_ref idref="fl-52"/>
      </object_component>
      <object_component id="oc-250">
         <name>.data</name>
         <load_address>0x20005c18</load_address>
         <run_address>0x20005c18</run_address>
         <size>0xc</size>
         <input_file_ref idref="fl-54"/>
      </object_component>
      <object_component id="oc-331">
         <name>.data:g_pui32CPUUsageTimerPeriph</name>
         <load_address>0x20005bcc</load_address>
         <run_address>0x20005bcc</run_address>
         <size>0x18</size>
         <input_file_ref idref="fl-58"/>
      </object_component>
      <object_component id="oc-32b">
         <name>.data:g_pui32CPUUsageTimerBase</name>
         <load_address>0x20005bb4</load_address>
         <run_address>0x20005bb4</run_address>
         <size>0x18</size>
         <input_file_ref idref="fl-58"/>
      </object_component>
      <object_component id="oc-c7">
         <name>.data</name>
         <load_address>0x20005c0c</load_address>
         <run_address>0x20005c0c</run_address>
         <size>0xc</size>
         <input_file_ref idref="fl-59"/>
      </object_component>
      <object_component id="oc-575">
         <name>.data</name>
         <load_address>0x20005c54</load_address>
         <run_address>0x20005c54</run_address>
         <size>0x4</size>
         <input_file_ref idref="fl-133"/>
      </object_component>
      <object_component id="oc-178">
         <name>.bss:pxReadyTasksLists</name>
         <uninitialized>true</uninitialized>
         <run_address>0x2000546c</run_address>
         <size>0x140</size>
         <input_file_ref idref="fl-a"/>
      </object_component>
      <object_component id="oc-19a">
         <name>.bss:xDelayedTaskList1</name>
         <uninitialized>true</uninitialized>
         <run_address>0x20005868</run_address>
         <size>0x14</size>
         <input_file_ref idref="fl-a"/>
      </object_component>
      <object_component id="oc-19d">
         <name>.bss:xDelayedTaskList2</name>
         <uninitialized>true</uninitialized>
         <run_address>0x2000587c</run_address>
         <size>0x14</size>
         <input_file_ref idref="fl-a"/>
      </object_component>
      <object_component id="oc-17e">
         <name>.bss</name>
         <uninitialized>true</uninitialized>
         <run_address>0x200058d8</run_address>
         <size>0x8</size>
         <input_file_ref idref="fl-a"/>
      </object_component>
      <object_component id="oc-190">
         <name>.bss:xPendingReadyList</name>
         <uninitialized>true</uninitialized>
         <run_address>0x20005890</run_address>
         <size>0x14</size>
         <input_file_ref idref="fl-a"/>
      </object_component>
      <object_component id="oc-17b">
         <name>.bss:xTasksWaitingTermination</name>
         <uninitialized>true</uninitialized>
         <run_address>0x200058b8</run_address>
         <size>0x14</size>
         <input_file_ref idref="fl-a"/>
      </object_component>
      <object_component id="oc-181">
         <name>.bss:xSuspendedTaskList</name>
         <uninitialized>true</uninitialized>
         <run_address>0x200058a4</run_address>
         <size>0x14</size>
         <input_file_ref idref="fl-a"/>
      </object_component>
      <object_component id="oc-2f3">
         <name>.bss:xActiveTimerList1</name>
         <uninitialized>true</uninitialized>
         <run_address>0x20005840</run_address>
         <size>0x14</size>
         <input_file_ref idref="fl-b"/>
      </object_component>
      <object_component id="oc-2f6">
         <name>.bss:xActiveTimerList2</name>
         <uninitialized>true</uninitialized>
         <run_address>0x20005854</run_address>
         <size>0x14</size>
         <input_file_ref idref="fl-b"/>
      </object_component>
      <object_component id="oc-2f0">
         <name>.bss</name>
         <uninitialized>true</uninitialized>
         <run_address>0x200058e0</run_address>
         <size>0x8</size>
         <input_file_ref idref="fl-b"/>
      </object_component>
      <object_component id="oc-27f">
         <name>.bss:ucHeap</name>
         <uninitialized>true</uninitialized>
         <run_address>0x2000026c</run_address>
         <size>0x5000</size>
         <input_file_ref idref="fl-e"/>
      </object_component>
      <object_component id="oc-27c">
         <name>.bss:xStart</name>
         <uninitialized>true</uninitialized>
         <run_address>0x200058e8</run_address>
         <size>0x8</size>
         <input_file_ref idref="fl-e"/>
      </object_component>
      <object_component id="oc-35a">
         <name>.bss:BT</name>
         <uninitialized>true</uninitialized>
         <run_address>0x2000574c</run_address>
         <size>0x24</size>
         <input_file_ref idref="fl-30"/>
      </object_component>
      <object_component id="oc-fd">
         <name>.bss</name>
         <uninitialized>true</uninitialized>
         <run_address>0x200058f8</run_address>
         <size>0x4</size>
         <input_file_ref idref="fl-31"/>
      </object_component>
      <object_component id="oc-23e">
         <name>.bss:g_pui8DataBufferIn</name>
         <uninitialized>true</uninitialized>
         <run_address>0x2000570c</run_address>
         <size>0x40</size>
         <input_file_ref idref="fl-3f"/>
      </object_component>
      <object_component id="oc-23b">
         <name>.bss</name>
         <uninitialized>true</uninitialized>
         <run_address>0x200058fc</run_address>
         <size>0x4</size>
         <input_file_ref idref="fl-3f"/>
      </object_component>
      <object_component id="oc-39e">
         <name>.bss:g_psUSBDMAInst</name>
         <uninitialized>true</uninitialized>
         <run_address>0x200055ac</run_address>
         <size>0x110</size>
         <input_file_ref idref="fl-50"/>
      </object_component>
      <object_component id="oc-492">
         <name>.bss:g_ppcArgv</name>
         <uninitialized>true</uninitialized>
         <run_address>0x20005770</run_address>
         <size>0x24</size>
         <input_file_ref idref="fl-57"/>
      </object_component>
      <object_component id="oc-32e">
         <name>.bss</name>
         <uninitialized>true</uninitialized>
         <run_address>0x200058cc</run_address>
         <size>0xc</size>
         <input_file_ref idref="fl-58"/>
      </object_component>
      <object_component id="oc-bb">
         <name>.bss</name>
         <uninitialized>true</uninitialized>
         <run_address>0x2000582c</run_address>
         <size>0x14</size>
         <input_file_ref idref="fl-59"/>
      </object_component>
      <object_component id="oc-cd">
         <name>.bss:g_pcUARTRxHistoryBuffer</name>
         <uninitialized>true</uninitialized>
         <run_address>0x2000526c</run_address>
         <size>0x200</size>
         <input_file_ref idref="fl-59"/>
      </object_component>
      <object_component id="oc-ca">
         <name>.bss:g_usUARTRxHistoryOffset</name>
         <uninitialized>true</uninitialized>
         <run_address>0x200057dc</run_address>
         <size>0x20</size>
         <input_file_ref idref="fl-59"/>
      </object_component>
      <object_component id="oc-1c7">
         <name>.common:g_ui32CPUUsage</name>
         <uninitialized>true</uninitialized>
         <run_address>0x2000591c</run_address>
         <size>0x4</size>
      </object_component>
      <object_component id="oc-1c8">
         <name>.common:g_ulSystemClock</name>
         <uninitialized>true</uninitialized>
         <run_address>0x20005920</run_address>
         <size>0x4</size>
      </object_component>
      <object_component id="oc-10e">
         <name>.common:BTQueue</name>
         <uninitialized>true</uninitialized>
         <run_address>0x20005904</run_address>
         <size>0x4</size>
      </object_component>
      <object_component id="oc-10f">
         <name>.common:KWPQueue</name>
         <uninitialized>true</uninitialized>
         <run_address>0x20005910</run_address>
         <size>0x4</size>
      </object_component>
      <object_component id="oc-119">
         <name>.common:KWPISRQueue</name>
         <uninitialized>true</uninitialized>
         <run_address>0x2000590c</run_address>
         <size>0x4</size>
      </object_component>
      <object_component id="oc-1c4">
         <name>.common:BTISRQueue</name>
         <uninitialized>true</uninitialized>
         <run_address>0x20005900</run_address>
         <size>0x4</size>
      </object_component>
      <object_component id="oc-10d">
         <name>.common:RXQueue</name>
         <uninitialized>true</uninitialized>
         <run_address>0x20005914</run_address>
         <size>0x4</size>
      </object_component>
      <object_component id="oc-1c5">
         <name>.common:BTQueueSet</name>
         <uninitialized>true</uninitialized>
         <run_address>0x20005908</run_address>
         <size>0x4</size>
      </object_component>
      <object_component id="oc-f6">
         <name>.common:semKWP</name>
         <uninitialized>true</uninitialized>
         <run_address>0x20005928</run_address>
         <size>0x4</size>
      </object_component>
      <object_component id="oc-1cf">
         <name>.common:kwpTaskHandler</name>
         <uninitialized>true</uninitialized>
         <run_address>0x20005924</run_address>
         <size>0x4</size>
      </object_component>
      <object_component id="oc-101">
         <name>.common:OBDIIMode</name>
         <uninitialized>true</uninitialized>
         <run_address>0x2000592c</run_address>
         <size>0x1</size>
      </object_component>
      <object_component id="oc-10b">
         <name>.common:status</name>
         <uninitialized>true</uninitialized>
         <run_address>0x2000592e</run_address>
         <size>0x1</size>
      </object_component>
      <object_component id="oc-100">
         <name>.common:rx_counter</name>
         <uninitialized>true</uninitialized>
         <run_address>0x2000592d</run_address>
         <size>0x1</size>
      </object_component>
      <object_component id="oc-10c">
         <name>.common:txBuffer</name>
         <uninitialized>true</uninitialized>
         <run_address>0x200058f0</run_address>
         <size>0x8</size>
      </object_component>
      <object_component id="oc-f9">
         <name>.common:K</name>
         <uninitialized>true</uninitialized>
         <run_address>0x20005794</run_address>
         <size>0x24</size>
      </object_component>
      <object_component id="oc-fc">
         <name>.common:L</name>
         <uninitialized>true</uninitialized>
         <run_address>0x200057b8</run_address>
         <size>0x24</size>
      </object_component>
      <object_component id="oc-231">
         <name>.common:g_psDCDInst</name>
         <uninitialized>true</uninitialized>
         <run_address>0x200056bc</run_address>
         <size>0x50</size>
      </object_component>
      <object_component id="oc-234">
         <name>.common:g_ppsDevInfo</name>
         <uninitialized>true</uninitialized>
         <run_address>0x20005918</run_address>
         <size>0x4</size>
      </object_component>
      <object_component id="oc-3a3">
         <name>.common:g_pfnTickHandlers</name>
         <uninitialized>true</uninitialized>
         <run_address>0x200057fc</run_address>
         <size>0x18</size>
      </object_component>
      <object_component id="oc-3a6">
         <name>.common:g_pvTickInstance</name>
         <uninitialized>true</uninitialized>
         <run_address>0x20005814</run_address>
         <size>0x18</size>
      </object_component>
      <object_component id="oc-21">
         <name>.stack</name>
         <uninitialized>true</uninitialized>
         <run_address>0x20005930</run_address>
         <size>0x4</size>
         <input_file_ref idref="fl-11e"/>
      </object_component>
      <object_component id="oc-647">
         <name>.stack</name>
         <uninitialized>true</uninitialized>
         <run_address>0x20005930</run_address>
         <size>0x0</size>
      </object_component>
      <object_component id="oc-1db">
         <name>.debug_info</name>
         <load_address>0x0</load_address>
         <run_address>0x0</run_address>
         <size>0x604</size>
         <input_file_ref idref="fl-2"/>
      </object_component>
      <object_component id="oc-351">
         <name>.debug_info</name>
         <load_address>0x604</load_address>
         <run_address>0x604</run_address>
         <size>0xd8</size>
         <input_file_ref idref="fl-2"/>
      </object_component>
      <object_component id="oc-1ca">
         <name>.debug_info</name>
         <load_address>0x6dc</load_address>
         <run_address>0x6dc</run_address>
         <size>0x724</size>
         <input_file_ref idref="fl-2"/>
      </object_component>
      <object_component id="oc-131">
         <name>.debug_info</name>
         <load_address>0xe00</load_address>
         <run_address>0xe00</run_address>
         <size>0x315</size>
         <input_file_ref idref="fl-2"/>
      </object_component>
      <object_component id="oc-367">
         <name>.debug_info</name>
         <load_address>0x1115</load_address>
         <run_address>0x1115</run_address>
         <size>0x7f</size>
         <input_file_ref idref="fl-2"/>
      </object_component>
      <object_component id="oc-12c">
         <name>.debug_info</name>
         <load_address>0x1194</load_address>
         <run_address>0x1194</run_address>
         <size>0x26b</size>
         <input_file_ref idref="fl-2"/>
      </object_component>
      <object_component id="oc-371">
         <name>.debug_info</name>
         <load_address>0x13ff</load_address>
         <run_address>0x13ff</run_address>
         <size>0x48b</size>
         <input_file_ref idref="fl-2"/>
      </object_component>
      <object_component id="oc-122">
         <name>.debug_info</name>
         <load_address>0x188a</load_address>
         <run_address>0x188a</run_address>
         <size>0x4f</size>
         <input_file_ref idref="fl-2"/>
      </object_component>
      <object_component id="oc-1fd">
         <name>.debug_info</name>
         <load_address>0x18d9</load_address>
         <run_address>0x18d9</run_address>
         <size>0x2c</size>
         <input_file_ref idref="fl-2"/>
      </object_component>
      <object_component id="oc-50">
         <name>.debug_info</name>
         <load_address>0x1905</load_address>
         <run_address>0x1905</run_address>
         <size>0x84</size>
         <input_file_ref idref="fl-2"/>
      </object_component>
      <object_component id="oc-a0">
         <name>.debug_info</name>
         <load_address>0x1989</load_address>
         <run_address>0x1989</run_address>
         <size>0x2c</size>
         <input_file_ref idref="fl-2"/>
      </object_component>
      <object_component id="oc-1dc">
         <name>.debug_info</name>
         <load_address>0x19b5</load_address>
         <run_address>0x19b5</run_address>
         <size>0x297</size>
         <input_file_ref idref="fl-2"/>
      </object_component>
      <object_component id="oc-1f5">
         <name>.debug_info</name>
         <load_address>0x1c4c</load_address>
         <run_address>0x1c4c</run_address>
         <size>0xef</size>
         <input_file_ref idref="fl-2"/>
      </object_component>
      <object_component id="oc-aa">
         <name>.debug_info</name>
         <load_address>0x1d3b</load_address>
         <run_address>0x1d3b</run_address>
         <size>0xbb</size>
         <input_file_ref idref="fl-2"/>
      </object_component>
      <object_component id="oc-a5">
         <name>.debug_info</name>
         <load_address>0x1df6</load_address>
         <run_address>0x1df6</run_address>
         <size>0x53</size>
         <input_file_ref idref="fl-2"/>
      </object_component>
      <object_component id="oc-36c">
         <name>.debug_info</name>
         <load_address>0x1e49</load_address>
         <run_address>0x1e49</run_address>
         <size>0xcc</size>
         <input_file_ref idref="fl-2"/>
      </object_component>
      <object_component id="oc-df">
         <name>.debug_info</name>
         <load_address>0x1f15</load_address>
         <run_address>0x1f15</run_address>
         <size>0x2c</size>
         <input_file_ref idref="fl-2"/>
      </object_component>
      <object_component id="oc-136">
         <name>.debug_info</name>
         <load_address>0x1f41</load_address>
         <run_address>0x1f41</run_address>
         <size>0x14c</size>
         <input_file_ref idref="fl-2"/>
      </object_component>
      <object_component id="oc-f7">
         <name>.debug_info</name>
         <load_address>0x208d</load_address>
         <run_address>0x208d</run_address>
         <size>0x85b</size>
         <input_file_ref idref="fl-3"/>
      </object_component>
      <object_component id="oc-96">
         <name>.debug_info</name>
         <load_address>0x28e8</load_address>
         <run_address>0x28e8</run_address>
         <size>0x6b5</size>
         <input_file_ref idref="fl-3"/>
      </object_component>
      <object_component id="oc-11b">
         <name>.debug_info</name>
         <load_address>0x2f9d</load_address>
         <run_address>0x2f9d</run_address>
         <size>0x5e</size>
         <input_file_ref idref="fl-3"/>
      </object_component>
      <object_component id="oc-13b">
         <name>.debug_info</name>
         <load_address>0x2ffb</load_address>
         <run_address>0x2ffb</run_address>
         <size>0x48b</size>
         <input_file_ref idref="fl-3"/>
      </object_component>
      <object_component id="oc-d9">
         <name>.debug_info</name>
         <load_address>0x3486</load_address>
         <run_address>0x3486</run_address>
         <size>0x8b</size>
         <input_file_ref idref="fl-3"/>
      </object_component>
      <object_component id="oc-127">
         <name>.debug_info</name>
         <load_address>0x3511</load_address>
         <run_address>0x3511</run_address>
         <size>0x53</size>
         <input_file_ref idref="fl-3"/>
      </object_component>
      <object_component id="oc-49">
         <name>.debug_info</name>
         <load_address>0x3564</load_address>
         <run_address>0x3564</run_address>
         <size>0x4c4</size>
         <input_file_ref idref="fl-4"/>
      </object_component>
      <object_component id="oc-10">
         <name>.debug_info</name>
         <load_address>0x3a28</load_address>
         <run_address>0x3a28</run_address>
         <size>0xe8</size>
         <input_file_ref idref="fl-4"/>
      </object_component>
      <object_component id="oc-25">
         <name>.debug_info</name>
         <load_address>0x3b10</load_address>
         <run_address>0x3b10</run_address>
         <size>0x270</size>
         <input_file_ref idref="fl-4"/>
      </object_component>
      <object_component id="oc-32a">
         <name>.debug_info</name>
         <load_address>0x3d80</load_address>
         <run_address>0x3d80</run_address>
         <size>0x701</size>
         <input_file_ref idref="fl-6"/>
      </object_component>
      <object_component id="oc-1b3">
         <name>.debug_info</name>
         <load_address>0x4481</load_address>
         <run_address>0x4481</run_address>
         <size>0x110</size>
         <input_file_ref idref="fl-6"/>
      </object_component>
      <object_component id="oc-2de">
         <name>.debug_info</name>
         <load_address>0x4591</load_address>
         <run_address>0x4591</run_address>
         <size>0x48b</size>
         <input_file_ref idref="fl-6"/>
      </object_component>
      <object_component id="oc-46c">
         <name>.debug_info</name>
         <load_address>0x4a1c</load_address>
         <run_address>0x4a1c</run_address>
         <size>0x76</size>
         <input_file_ref idref="fl-6"/>
      </object_component>
      <object_component id="oc-471">
         <name>.debug_info</name>
         <load_address>0x4a92</load_address>
         <run_address>0x4a92</run_address>
         <size>0x39</size>
         <input_file_ref idref="fl-6"/>
      </object_component>
      <object_component id="oc-270">
         <name>.debug_info</name>
         <load_address>0x4acb</load_address>
         <run_address>0x4acb</run_address>
         <size>0x4f</size>
         <input_file_ref idref="fl-6"/>
      </object_component>
      <object_component id="oc-2e4">
         <name>.debug_info</name>
         <load_address>0x4b1a</load_address>
         <run_address>0x4b1a</run_address>
         <size>0x365</size>
         <input_file_ref idref="fl-7"/>
      </object_component>
      <object_component id="oc-173">
         <name>.debug_info</name>
         <load_address>0x4e7f</load_address>
         <run_address>0x4e7f</run_address>
         <size>0x4f1</size>
         <input_file_ref idref="fl-7"/>
      </object_component>
      <object_component id="oc-1e7">
         <name>.debug_info</name>
         <load_address>0x5370</load_address>
         <run_address>0x5370</run_address>
         <size>0x8c0</size>
         <input_file_ref idref="fl-8"/>
      </object_component>
      <object_component id="oc-b0">
         <name>.debug_info</name>
         <load_address>0x5c30</load_address>
         <run_address>0x5c30</run_address>
         <size>0x3dad</size>
         <input_file_ref idref="fl-8"/>
      </object_component>
      <object_component id="oc-378">
         <name>.debug_info</name>
[...]
         <value>0xfded</value>
         <object_component_ref idref="oc-f0"/>
      </symbol>
      <symbol id="sm-10e3">
         <name>serial_useAsSerial</name>
         <value>0xfc7b</value>
         <object_component_ref idref="oc-f0"/>
      </symbol>
      <symbol id="sm-1153">
         <name>USBDCDConfigDescGet</name>
         <value>0xf711</value>
         <object_component_ref idref="oc-244"/>
      </symbol>
      <symbol id="sm-1154">
         <name>USBDCDConfigGetNumAlternateInterfaces</name>
         <value>0xf79f</value>
         <object_component_ref idref="oc-244"/>
      </symbol>
      <symbol id="sm-1155">
         <name>USBDCDConfigGetInterface</name>
         <value>0xf7f3</value>
         <object_component_ref idref="oc-244"/>
      </symbol>
      <symbol id="sm-1156">
         <name>USBDCDConfigDescGetSize</name>
         <value>0xf68b</value>
         <object_component_ref idref="oc-244"/>
      </symbol>
      <symbol id="sm-1157">
         <name>USBDCDConfigGetInterfaceEndpoint</name>
         <value>0xf829</value>
         <object_component_ref idref="oc-244"/>
      </symbol>
      <symbol id="sm-1158">
         <name>USBDCDConfigDescGetNum</name>
         <value>0xf6c3</value>
         <object_component_ref idref="oc-244"/>
      </symbol>
      <symbol id="sm-11a0">
         <name>USBDeviceConfigAlternate</name>
         <value>0xeaa7</value>
         <object_component_ref idref="oc-24a"/>
      </symbol>
      <symbol id="sm-11a1">
         <name>USBDeviceConfig</name>
         <value>0xe87b</value>
         <object_component_ref idref="oc-24a"/>
      </symbol>
      <symbol id="sm-1322">
         <name>g_psDCDInst</name>
         <value>0x200056bc</value>
      </symbol>
      <symbol id="sm-1323">
         <name>g_ppsDevInfo</name>
         <value>0x20005918</value>
      </symbol>
      <symbol id="sm-1324">
         <name>USBDCDSendDataEP0</name>
         <value>0x5f5d</value>
         <object_component_ref idref="oc-e4"/>
      </symbol>
      <symbol id="sm-1325">
         <name>USBDCDTerm</name>
         <value>0x5e5b</value>
         <object_component_ref idref="oc-e4"/>
      </symbol>
      <symbol id="sm-1326">
         <name>USBDCDFeatureSet</name>
         <value>0x6055</value>
         <object_component_ref idref="oc-e4"/>
      </symbol>
      <symbol id="sm-1327">
         <name>USBDCDRemoteWakeLPM</name>
         <value>0x6141</value>
         <object_component_ref idref="oc-e4"/>
      </symbol>
      <symbol id="sm-1328">
         <name>USBDCDStallEP0</name>
         <value>0x5fb5</value>
         <object_component_ref idref="oc-e4"/>
      </symbol>
      <symbol id="sm-1329">
         <name>USBDCDRequestDataEP0</name>
         <value>0x5ef1</value>
         <object_component_ref idref="oc-e4"/>
      </symbol>
      <symbol id="sm-132a">
         <name>USBDeviceEnumHandler</name>
         <value>0x62a1</value>
         <object_component_ref idref="oc-e4"/>
      </symbol>
      <symbol id="sm-132b">
         <name>USBDCDInit</name>
         <value>0x5c5d</value>
         <object_component_ref idref="oc-e4"/>
      </symbol>
      <symbol id="sm-132c">
         <name>USBDeviceEnumResetHandler</name>
         <value>0x6401</value>
         <object_component_ref idref="oc-e4"/>
      </symbol>
      <symbol id="sm-132d">
         <name>USBDCDFeatureGet</name>
         <value>0x6107</value>
         <object_component_ref idref="oc-e4"/>
      </symbol>
      <symbol id="sm-132e">
         <name>USBDCDPowerStatusSet</name>
         <value>0x5ff5</value>
         <object_component_ref idref="oc-e4"/>
      </symbol>
      <symbol id="sm-132f">
         <name>USBDCDDeviceInfoInit</name>
         <value>0x5bf9</value>
         <object_component_ref idref="oc-e4"/>
      </symbol>
      <symbol id="sm-1330">
         <name>USBDeviceIntHandlerInternal</name>
         <value>0x6f79</value>
         <object_component_ref idref="oc-e4"/>
      </symbol>
      <symbol id="sm-1331">
         <name>USBDCDRemoteWakeupRequest</name>
         <value>0x615b</value>
         <object_component_ref idref="oc-e4"/>
      </symbol>
      <symbol id="sm-1332">
         <name>USBDCDSetDefaultConfiguration</name>
         <value>0x5f99</value>
         <object_component_ref idref="oc-e4"/>
      </symbol>
      <symbol id="sm-1333">
         <name>USBDeviceResumeTickHandler</name>
         <value>0x61a1</value>
         <object_component_ref idref="oc-e4"/>
      </symbol>
      <symbol id="sm-1340">
         <name>USB0DeviceIntHandler</name>
         <value>0x11c89</value>
         <object_component_ref idref="oc-3b"/>
      </symbol>
      <symbol id="sm-138e">
         <name>USBDescGetInterfaceEndpoint</name>
         <value>0x104ef</value>
         <object_component_ref idref="oc-3c0"/>
      </symbol>
      <symbol id="sm-138f">
         <name>USBDescGetInterface</name>
         <value>0x104c1</value>
         <object_component_ref idref="oc-3c0"/>
      </symbol>
      <symbol id="sm-1390">
         <name>USBDescGet</name>
         <value>0x1039d</value>
         <object_component_ref idref="oc-3c0"/>
      </symbol>
      <symbol id="sm-1391">
         <name>USBDescGetNum</name>
         <value>0x10341</value>
         <object_component_ref idref="oc-3c0"/>
      </symbol>
      <symbol id="sm-1392">
         <name>USBDescGetNumAlternateInterfaces</name>
         <value>0x10407</value>
         <object_component_ref idref="oc-3c0"/>
      </symbol>
      <symbol id="sm-1479">
         <name>USBLibDMASizeGet</name>
         <value>0xa1f1</value>
         <object_component_ref idref="oc-225"/>
      </symbol>
      <symbol id="sm-147a">
         <name>USBLibDMAAddrGet</name>
         <value>0xa1d9</value>
         <object_component_ref idref="oc-225"/>
      </symbol>
      <symbol id="sm-147b">
         <name>USBLibDMAInit</name>
         <value>0xa209</value>
         <object_component_ref idref="oc-225"/>
      </symbol>
      <symbol id="sm-1490">
         <name>g_iUSBMode</name>
         <value>0x20005c24</value>
         <object_component_ref idref="oc-235"/>
      </symbol>
      <symbol id="sm-1491">
         <name>g_ui32WaitTicks</name>
         <value>0x20005c28</value>
         <object_component_ref idref="oc-235"/>
      </symbol>
      <symbol id="sm-14bb">
         <name>g_pfnTickHandlers</name>
         <value>0x200057fc</value>
      </symbol>
      <symbol id="sm-14bc">
         <name>g_pvTickInstance</name>
         <value>0x20005814</value>
      </symbol>
      <symbol id="sm-14bd">
         <name>g_ui32USBSOFCount</name>
         <value>0x20005c20</value>
         <object_component_ref idref="oc-250"/>
      </symbol>
      <symbol id="sm-14be">
         <name>InternalUSBTickReset</name>
         <value>0x110cb</value>
         <object_component_ref idref="oc-22b"/>
      </symbol>
      <symbol id="sm-14bf">
         <name>g_bUSBTimerInitialized</name>
         <value>0x20005c18</value>
         <object_component_ref idref="oc-250"/>
      </symbol>
      <symbol id="sm-14c0">
         <name>g_ui32CurrentUSBTick</name>
         <value>0x20005c1c</value>
         <object_component_ref idref="oc-250"/>
      </symbol>
      <symbol id="sm-14c1">
         <name>InternalUSBStartOfFrameTick</name>
         <value>0x11123</value>
         <object_component_ref idref="oc-22b"/>
      </symbol>
      <symbol id="sm-14c2">
         <name>InternalUSBRegisterTickHandler</name>
         <value>0x110d3</value>
         <object_component_ref idref="oc-22b"/>
      </symbol>
      <symbol id="sm-14c3">
         <name>InternalUSBTickInit</name>
         <value>0x1108d</value>
         <object_component_ref idref="oc-22b"/>
      </symbol>
      <symbol id="sm-14d0">
         <name>ULPIPowerTransceiver</name>
         <value>0x112f5</value>
         <object_component_ref idref="oc-21f"/>
      </symbol>
      <symbol id="sm-14d1">
         <name>ULPIConfigSet</name>
         <value>0x11253</value>
         <object_component_ref idref="oc-21f"/>
      </symbol>
      <symbol id="sm-14eb">
         <name>GetOverflowCounts</name>
         <value>0x11c65</value>
         <object_component_ref idref="oc-193"/>
      </symbol>
      <symbol id="sm-14ec">
         <name>vConfigureTimerForRunTimeStats</name>
         <value>0x117a5</value>
         <object_component_ref idref="oc-18a"/>
      </symbol>
      <symbol id="sm-150c">
         <name>CmdLineProcess</name>
         <value>0x113d1</value>
         <object_component_ref idref="oc-34a"/>
      </symbol>
      <symbol id="sm-153c">
         <name>CPUUsageInit</name>
         <value>0x10c77</value>
         <object_component_ref idref="oc-1b8"/>
      </symbol>
      <symbol id="sm-153d">
         <name>CPUUsageTick</name>
         <value>0x10c39</value>
         <object_component_ref idref="oc-1b8"/>
      </symbol>
      <symbol id="sm-1647">
         <name>UARTTxBytesFree</name>
         <value>0xbaff</value>
         <object_component_ref idref="oc-35"/>
      </symbol>
      <symbol id="sm-1648">
         <name>UARTFlushRx</name>
         <value>0xbb0b</value>
         <object_component_ref idref="oc-35"/>
      </symbol>
      <symbol id="sm-1649">
         <name>UARTgetc</name>
         <value>0xb795</value>
         <object_component_ref idref="oc-35"/>
      </symbol>
      <symbol id="sm-164a">
         <name>UARTgets</name>
         <value>0xb335</value>
         <object_component_ref idref="oc-35"/>
      </symbol>
      <symbol id="sm-164b">
         <name>UARTFlushTx</name>
         <value>0xbb19</value>
         <object_component_ref idref="oc-35"/>
      </symbol>
      <symbol id="sm-164c">
         <name>UARTStdioConfig</name>
         <value>0xb13f</value>
         <object_component_ref idref="oc-35"/>
      </symbol>
      <symbol id="sm-164d">
         <name>UARTStdioIntHandler</name>
         <value>0xbb67</value>
         <object_component_ref idref="oc-35"/>
      </symbol>
      <symbol id="sm-164e">
         <name>UARTRxBytesAvail</name>
         <value>0xbaf3</value>
         <object_component_ref idref="oc-35"/>
      </symbol>
      <symbol id="sm-164f">
         <name>UARTwrite</name>
         <value>0xb26b</value>
         <object_component_ref idref="oc-35"/>
      </symbol>
      <symbol id="sm-1650">
         <name>UARTEchoSet</name>
         <value>0xbb3f</value>
         <object_component_ref idref="oc-35"/>
      </symbol>
      <symbol id="sm-1651">
         <name>UARTprintf</name>
         <value>0xbacf</value>
         <object_component_ref idref="oc-35"/>
      </symbol>
      <symbol id="sm-1652">
         <name>UARTvprintf</name>
         <value>0xb7bd</value>
         <object_component_ref idref="oc-35"/>
      </symbol>
      <symbol id="sm-1679">
         <name>sprintf</name>
         <value>0x11aed</value>
         <object_component_ref idref="oc-1ac"/>
      </symbol>
      <symbol id="sm-1694">
         <name>memcpy</name>
         <value>0x1147d</value>
         <object_component_ref idref="oc-55"/>
      </symbol>
      <symbol id="sm-1695">
         <name>__aeabi_memcpy</name>
         <value>0x1147d</value>
         <object_component_ref idref="oc-55"/>
      </symbol>
      <symbol id="sm-1696">
         <name>__aeabi_memcpy8</name>
         <value>0x1147d</value>
         <object_component_ref idref="oc-55"/>
      </symbol>
      <symbol id="sm-1697">
         <name>__aeabi_memcpy4</name>
         <value>0x1147d</value>
         <object_component_ref idref="oc-55"/>
      </symbol>
      <symbol id="sm-16a6">
         <name>__aeabi_uidivmod</name>
         <value>0x11aad</value>
         <object_component_ref idref="oc-d0"/>
      </symbol>
      <symbol id="sm-16a7">
         <name>__aeabi_uidiv</name>
         <value>0x11aad</value>
         <object_component_ref idref="oc-d0"/>
      </symbol>
      <symbol id="sm-16b6">
         <name>__aeabi_memset</name>
         <value>0x116bd</value>
         <object_component_ref idref="oc-eb"/>
      </symbol>
      <symbol id="sm-16b7">
         <name>memset</name>
         <value>0x116c3</value>
         <object_component_ref idref="oc-eb"/>
      </symbol>
      <symbol id="sm-16b8">
         <name>__aeabi_memset8</name>
         <value>0x116bd</value>
         <object_component_ref idref="oc-eb"/>
      </symbol>
      <symbol id="sm-16b9">
         <name>__aeabi_memset4</name>
         <value>0x116bd</value>
         <object_component_ref idref="oc-eb"/>
      </symbol>
      <symbol id="sm-16ba">
         <name>__aeabi_memclr8</name>
         <value>0x116bb</value>
         <object_component_ref idref="oc-eb"/>
      </symbol>
      <symbol id="sm-16bb">
         <name>__aeabi_memclr4</name>
         <value>0x116bb</value>
         <object_component_ref idref="oc-eb"/>
      </symbol>
      <symbol id="sm-16bc">
         <name>__aeabi_memclr</name>
         <value>0x116bb</value>
         <object_component_ref idref="oc-eb"/>
      </symbol>
      <symbol id="sm-16ce">
         <name>__TI_zero_init</name>
         <value>0x11d71</value>
         <object_component_ref idref="oc-67"/>
      </symbol>
      <symbol id="sm-16e5">
         <name>__TI_decompress_none</name>
         <value>0x11d63</value>
         <object_component_ref idref="oc-18"/>
      </symbol>
      <symbol id="sm-1708">
         <name>__TI_decompress_lzss</name>
         <value>0x1180d</value>
         <object_component_ref idref="oc-12"/>
      </symbol>
      <symbol id="sm-1717">
         <name>strcmp</name>
         <value>0x11cfb</value>
         <object_component_ref idref="oc-48c"/>
      </symbol>
      <symbol id="sm-1725">
         <name>strcpy</name>
         <value>0x11d29</value>
         <object_component_ref idref="oc-1a0"/>
      </symbol>
      <symbol id="sm-1733">
         <name>strlen</name>
         <value>0x11d3d</value>
         <object_component_ref idref="oc-1a6"/>
      </symbol>
      <symbol id="sm-1743">
         <name>strncmp</name>
         <value>0x11c0b</value>
         <object_component_ref idref="oc-354"/>
      </symbol>
      <symbol id="sm-1756">
         <name>__stack</name>
         <value>0x20005930</value>
         <object_component_ref idref="oc-21"/>
      </symbol>
      <symbol id="sm-1757">
         <name>_c_int00_noargs</name>
         <value>0x11ba9</value>
         <object_component_ref idref="oc-73"/>
      </symbol>
      <symbol id="sm-18bc">
         <name>__TI_printfi</name>
         <value>0xc6e5</value>
         <object_component_ref idref="oc-316"/>
      </symbol>
      <symbol id="sm-18c6">
         <name>__aeabi_idiv0</name>
         <value>0xd133</value>
         <object_component_ref idref="oc-20e"/>
      </symbol>
      <symbol id="sm-18c7">
         <name>__aeabi_ldiv0</name>
         <value>0xd133</value>
         <object_component_ref idref="oc-20e"/>
      </symbol>
      <symbol id="sm-18de">
         <name>__aeabi_dsub</name>
         <value>0x106e5</value>
         <object_component_ref idref="oc-539"/>
      </symbol>
      <symbol id="sm-18df">
         <name>__aeabi_dadd</name>
         <value>0x106ef</value>
         <object_component_ref idref="oc-539"/>
      </symbol>
      <symbol id="sm-1901">
         <name>__aeabi_cdcmpeq</name>
         <value>0x115af</value>
         <object_component_ref idref="oc-42b"/>
      </symbol>
      <symbol id="sm-1902">
         <name>__aeabi_cdcmple</name>
         <value>0x115af</value>
         <object_component_ref idref="oc-42b"/>
      </symbol>
      <symbol id="sm-1903">
         <name>__aeabi_cdrcmple</name>
         <value>0x11635</value>
         <object_component_ref idref="oc-524"/>
      </symbol>
      <symbol id="sm-1917">
         <name>__aeabi_ddiv</name>
         <value>0x109d9</value>
         <object_component_ref idref="oc-51f"/>
      </symbol>
      <symbol id="sm-1922">
         <name>__aeabi_dmul</name>
         <value>0x10f91</value>
         <object_component_ref idref="oc-51a"/>
      </symbol>
      <symbol id="sm-192c">
         <name>__aeabi_d2iz</name>
         <value>0x11a21</value>
         <object_component_ref idref="oc-529"/>
      </symbol>
      <symbol id="sm-1936">
         <name>__aeabi_i2d</name>
         <value>0x11bdd</value>
         <object_component_ref idref="oc-534"/>
      </symbol>
      <symbol id="sm-1943">
         <name>__aeabi_uldivmod</name>
         <value>0x11519</value>
         <object_component_ref idref="oc-513"/>
      </symbol>
      <symbol id="sm-196b">
         <name>__TI_auto_init_nobinit_nopinit</name>
         <value>0x11a69</value>
         <object_component_ref idref="oc-2a5"/>
      </symbol>
      <symbol id="sm-1975">
         <name>_system_pre_init</name>
         <value>0x11d97</value>
         <object_component_ref idref="oc-156"/>
      </symbol>
      <symbol id="sm-1981">
         <name>C$$EXIT</name>
         <value>0x11d9b</value>
         <object_component_ref idref="oc-299"/>
      </symbol>
      <symbol id="sm-1982">
         <name>abort</name>
         <value>0x11d9b</value>
         <object_component_ref idref="oc-299"/>
      </symbol>
      <symbol id="sm-199a">
         <name>atoi</name>
         <value>0x119d5</value>
         <object_component_ref idref="oc-41f"/>
      </symbol>
      <symbol id="sm-19a5">
         <name>_ctypes_</name>
         <value>0x11f50</value>
         <object_component_ref idref="oc-50e"/>
      </symbol>
      <symbol id="sm-19b4">
         <name>ltoa</name>
         <value>0x1192f</value>
         <object_component_ref idref="oc-52e"/>
      </symbol>
      <symbol id="sm-19c4">
         <name>memccpy</name>
         <value>0x11cad</value>
         <object_component_ref idref="oc-448"/>
      </symbol>
      <symbol id="sm-19d4">
         <name>strchr</name>
         <value>0x11d13</value>
         <object_component_ref idref="oc-565"/>
      </symbol>
      <symbol id="sm-19ea">
         <name>__aeabi_errno_addr</name>
         <value>0x11d89</value>
         <object_component_ref idref="oc-454"/>
      </symbol>
      <symbol id="sm-19eb">
         <name>errno</name>
         <value>0x20005c54</value>
         <object_component_ref idref="oc-575"/>
      </symbol>
      <symbol id="sm-1a04">
         <name>wcslen</name>
         <value>0x11d51</value>
         <object_component_ref idref="oc-44e"/>
      </symbol>
      <symbol id="sm-1a24">
         <name>frexpl</name>
         <value>0x11875</value>
         <object_component_ref idref="oc-559"/>
      </symbol>
      <symbol id="sm-1a25">
         <name>frexp</name>
         <value>0x11875</value>
         <object_component_ref idref="oc-559"/>
      </symbol>
      <symbol id="sm-1a42">
         <name>scalbn</name>
         <value>0x10e81</value>
         <object_component_ref idref="oc-55f"/>
      </symbol>
      <symbol id="sm-1a43">
         <name>scalbnl</name>
         <value>0x10e81</value>
         <object_component_ref idref="oc-55f"/>
      </symbol>
      <symbol id="sm-1a44">
         <name>ldexpl</name>
         <value>0x10e81</value>
         <object_component_ref idref="oc-55f"/>
      </symbol>
      <symbol id="sm-1a45">
         <name>ldexp</name>
         <value>0x10e81</value>
         <object_component_ref idref="oc-55f"/>
      </symbol>
      <symbol id="sm-1a4f">
         <name>copysign</name>
         <value>0x11cc9</value>
         <object_component_ref idref="oc-5cb"/>
      </symbol>
      <symbol id="sm-1a50">
         <name>copysignl</name>
         <value>0x11cc9</value>
         <object_component_ref idref="oc-5cb"/>
      </symbol>
      <symbol id="sm-1a51">
         <name>__TI_static_base__</name>
         <value>0x0</value>
      </symbol>
      <symbol id="sm-1a54">
         <name>__mpu_init</name>
         <value>0x0</value>
      </symbol>
      <symbol id="sm-1a55">
         <name>_system_post_cinit</name>
         <value>0x0</value>
      </symbol>
   </symbol_table>
   <title>Link successful</title>
</link_info>
